SnapshotTestingDumpTests.User(
  name: "John",
  email: "john@me.com",
  age: 97
)