SnapshotTestingDumpTests.TruckDriver(
  name: "Jimmy",
  wheels: 6,
  truckType: "Loader"
)