SnapshotTestingDumpTests.Doctor(
  field: "Podiatry",
  level: "Expert"
)